// Jest Snapshot v1, https://goo.gl/fbAQLP

exports[`should render the Home component 1`] = `
<div>
  <h2>
    Landing Page
  </h2>
</div>
`;
