// Jest Snapshot v1, https://goo.gl/fbAQLP

exports[`should render the contact component 1`] = `
<div>
  <div
    class="loading-container"
  >
    <h1>
      Contact
    </h1>
  </div>
</div>
`;
