// Jest Snapshot v1, https://goo.gl/fbAQLP

exports[`private route renders sign in route 1`] = `
<fieldset>
  <legend>
    SignIn
  </legend>
  <br />
  <form
    className="form-main"
    onSubmit={[Function]}
  >
    <a
      href="https://nameless-taiga-88760.herokuapp.com/api/alcode/auth/login"
    >
      Sign in with your Google account
    </a>
    <label
      htmlFor="email-input"
    >
      <input
        className="input"
        id="email-input"
        onChange={[Function]}
        placeholder="email"
        required={true}
        type="text"
        value=""
      />
    </label>
    <label
      htmlFor="password-input"
    >
      <input
        className="input"
        id="password-input"
        onChange={[Function]}
        placeholder="password"
        required={true}
        type="text"
        value=""
      />
    </label>
    <br />
    <button
      className="btn-main"
      type="submit"
    >
      SignIn
    </button>
    <br />
    <p>
      
    </p>
  </form>
</fieldset>
`;
