// Jest Snapshot v1, https://goo.gl/fbAQLP

exports[`should render the about component 1`] = `
<div>
  <div>
    <h1>
      All about Alan, yo
    </h1>
  </div>
</div>
`;
